[     214ms] [ERROR] The Content Security Policy directive 'frame-ancestors' is ignored when delivered via a <meta> element. @ http://localhost:5173/:18
[     832ms] [INFO] %cDownload the React DevTools for a better development experience: https://reactjs.org/link/react-devtools font-weight:bold @ http://localhost:5173/node_modules/.vite/deps/chunk-NUMECXU6.js?v=0976d616:21550
[    1184ms] [WARNING] ⚠️ React Router Future Flag Warning: React Router will begin wrapping state updates in `React.startTransition` in v7. You can use the `v7_startTransition` future flag to opt-in early. For more information, see https://reactrouter.com/v6/upgrading/future#v7_starttransition. @ http://localhost:5173/node_modules/.vite/deps/react-router-dom.js?v=0976d616:4416
[    1184ms] [WARNING] ⚠️ React Router Future Flag Warning: Relative route resolution within Splat routes is changing in v7. You can use the `v7_relativeSplatPath` future flag to opt-in early. For more information, see https://reactrouter.com/v6/upgrading/future#v7_relativesplatpath. @ http://localhost:5173/node_modules/.vite/deps/react-router-dom.js?v=0976d616:4416
[    1265ms] [WARNING] THREE.Clock: This module has been deprecated. Please use THREE.Timer instead. @ http://localhost:5173/node_modules/.vite/deps/chunk-3RLE6T47.js?v=0976d616:746
[    1549ms] [ERROR] Connecting to 'https://raw.githubusercontent.com/pmndrs/drei-assets/456060a26bbeb8fdf79326f224b6d99b8bcce736/hdri/potsdamer_platz_1k.hdr' violates the following Content Security Policy directive: "connect-src 'self' https://*.supabase.co wss://*.supabase.co https://raw.githack.com https://*.githack.com". The action has been blocked. @ http://localhost:5173/:0
[    1586ms] Error: Could not load potsdamer_platz_1k.hdr: Failed to fetch
    at Object.onError (http://localhost:5173/node_modules/.vite/deps/chunk-YHJE3IXY.js?v=0976d616:17477:39)
    at http://localhost:5173/node_modules/.vite/deps/chunk-3RLE6T47.js?v=0976d616:23971:40
[    1595ms] Error: Could not load potsdamer_platz_1k.hdr: Failed to fetch
    at Object.onError (http://localhost:5173/node_modules/.vite/deps/chunk-YHJE3IXY.js?v=0976d616:17477:39)
    at http://localhost:5173/node_modules/.vite/deps/chunk-3RLE6T47.js?v=0976d616:23971:40
[    1594ms] [ERROR] The above error occurred in the <EnvironmentCube> component:

    at EnvironmentCube (http://localhost:5173/node_modules/.vite/deps/@react-three_drei.js?v=0976d616:103658:3)
    at Environment (http://localhost:5173/node_modules/.vite/deps/@react-three_drei.js?v=0976d616:103786:16)
    at Suspense
    at ErrorBoundary (http://localhost:5173/node_modules/.vite/deps/chunk-YHJE3IXY.js?v=0976d616:16490:5)
    at FiberProvider (http://localhost:5173/node_modules/.vite/deps/chunk-YHJE3IXY.js?v=0976d616:18170:21)
    at Provider (http://localhost:5173/node_modules/.vite/deps/chunk-YHJE3IXY.js?v=0976d616:17779:3)

React will try to recreate this component tree from scratch using the error boundary you provided, ErrorBoundary. @ http://localhost:5173/node_modules/.vite/deps/chunk-YHJE3IXY.js?v=0976d616:18166
[    1605ms] Error: Could not load potsdamer_platz_1k.hdr: Failed to fetch
    at Object.onError (http://localhost:5173/node_modules/.vite/deps/chunk-YHJE3IXY.js?v=0976d616:17477:39)
    at http://localhost:5173/node_modules/.vite/deps/chunk-3RLE6T47.js?v=0976d616:23971:40
[    1606ms] Error: Could not load potsdamer_platz_1k.hdr: Failed to fetch
    at Object.onError (http://localhost:5173/node_modules/.vite/deps/chunk-YHJE3IXY.js?v=0976d616:17477:39)
    at http://localhost:5173/node_modules/.vite/deps/chunk-3RLE6T47.js?v=0976d616:23971:40
[    1605ms] [ERROR] The above error occurred in the <ForwardRef(Canvas)> component:

    at Canvas (http://localhost:5173/node_modules/.vite/deps/chunk-YHJE3IXY.js?v=0976d616:18236:3)
    at FiberProvider (http://localhost:5173/node_modules/.vite/deps/chunk-YHJE3IXY.js?v=0976d616:18170:21)
    at CanvasWrapper
    at div
    at CardScene (http://localhost:5173/src/components/three/CardScene.jsx:204:37)
    at Suspense
    at div
    at div
    at div
    at div
    at LandingPage (http://localhost:5173/src/pages/LandingPage.jsx:24:40)
    at RenderedRoute (http://localhost:5173/node_modules/.vite/deps/react-router-dom.js?v=0976d616:4112:5)
    at Routes (http://localhost:5173/node_modules/.vite/deps/react-router-dom.js?v=0976d616:4582:5)
    at Suspense
    at App
    at CardProvider (http://localhost:5173/src/context/CardContext.jsx:70:32)
    at AuthProvider (http://localhost:5173/src/context/AuthContext.jsx:21:32)
    at Router (http://localhost:5173/node_modules/.vite/deps/react-router-dom.js?v=0976d616:4525:15)
    at BrowserRouter (http://localhost:5173/node_modules/.vite/deps/react-router-dom.js?v=0976d616:5263:5)

Consider adding an error boundary to your tree to customize error handling behavior.
Visit https://reactjs.org/link/error-boundaries to learn more about error boundaries. @ http://localhost:5173/node_modules/.vite/deps/chunk-YHJE3IXY.js?v=0976d616:18166
[    1606ms] Error: Could not load potsdamer_platz_1k.hdr: Failed to fetch
    at Object.onError (http://localhost:5173/node_modules/.vite/deps/chunk-YHJE3IXY.js?v=0976d616:17477:39)
    at http://localhost:5173/node_modules/.vite/deps/chunk-3RLE6T47.js?v=0976d616:23971:40
[    2116ms] [LOG] THREE.WebGLRenderer: Context Lost. @ http://localhost:5173/node_modules/.vite/deps/chunk-3RLE6T47.js?v=0976d616:721
[    4423ms] [ERROR] The Content Security Policy directive 'frame-ancestors' is ignored when delivered via a <meta> element. @ http://localhost:5173/:18
[    4517ms] [INFO] %cDownload the React DevTools for a better development experience: https://reactjs.org/link/react-devtools font-weight:bold @ http://localhost:5173/node_modules/.vite/deps/chunk-NUMECXU6.js?v=0976d616:21550
[    4625ms] [WARNING] ⚠️ React Router Future Flag Warning: React Router will begin wrapping state updates in `React.startTransition` in v7. You can use the `v7_startTransition` future flag to opt-in early. For more information, see https://reactrouter.com/v6/upgrading/future#v7_starttransition. @ http://localhost:5173/node_modules/.vite/deps/react-router-dom.js?v=0976d616:4416
[    4625ms] [WARNING] ⚠️ React Router Future Flag Warning: Relative route resolution within Splat routes is changing in v7. You can use the `v7_relativeSplatPath` future flag to opt-in early. For more information, see https://reactrouter.com/v6/upgrading/future#v7_relativesplatpath. @ http://localhost:5173/node_modules/.vite/deps/react-router-dom.js?v=0976d616:4416
[    4685ms] [WARNING] THREE.Clock: This module has been deprecated. Please use THREE.Timer instead. @ http://localhost:5173/node_modules/.vite/deps/chunk-3RLE6T47.js?v=0976d616:746
[    4736ms] [ERROR] Connecting to 'https://raw.githubusercontent.com/pmndrs/drei-assets/456060a26bbeb8fdf79326f224b6d99b8bcce736/hdri/potsdamer_platz_1k.hdr' violates the following Content Security Policy directive: "connect-src 'self' https://*.supabase.co wss://*.supabase.co https://raw.githack.com https://*.githack.com". The action has been blocked. @ http://localhost:5173/:0
[    4746ms] Error: Could not load potsdamer_platz_1k.hdr: Failed to fetch
    at Object.onError (http://localhost:5173/node_modules/.vite/deps/chunk-YHJE3IXY.js?v=0976d616:17477:39)
    at http://localhost:5173/node_modules/.vite/deps/chunk-3RLE6T47.js?v=0976d616:23971:40
[    4759ms] Error: Could not load potsdamer_platz_1k.hdr: Failed to fetch
    at Object.onError (http://localhost:5173/node_modules/.vite/deps/chunk-YHJE3IXY.js?v=0976d616:17477:39)
    at http://localhost:5173/node_modules/.vite/deps/chunk-3RLE6T47.js?v=0976d616:23971:40
[    4759ms] [ERROR] The above error occurred in the <EnvironmentCube> component:

    at EnvironmentCube (http://localhost:5173/node_modules/.vite/deps/@react-three_drei.js?v=0976d616:103658:3)
    at Environment (http://localhost:5173/node_modules/.vite/deps/@react-three_drei.js?v=0976d616:103786:16)
    at Suspense
    at ErrorBoundary (http://localhost:5173/node_modules/.vite/deps/chunk-YHJE3IXY.js?v=0976d616:16490:5)
    at FiberProvider (http://localhost:5173/node_modules/.vite/deps/chunk-YHJE3IXY.js?v=0976d616:18170:21)
    at Provider (http://localhost:5173/node_modules/.vite/deps/chunk-YHJE3IXY.js?v=0976d616:17779:3)

React will try to recreate this component tree from scratch using the error boundary you provided, ErrorBoundary. @ http://localhost:5173/node_modules/.vite/deps/chunk-YHJE3IXY.js?v=0976d616:18166
[    4763ms] Error: Could not load potsdamer_platz_1k.hdr: Failed to fetch
    at Object.onError (http://localhost:5173/node_modules/.vite/deps/chunk-YHJE3IXY.js?v=0976d616:17477:39)
    at http://localhost:5173/node_modules/.vite/deps/chunk-3RLE6T47.js?v=0976d616:23971:40
[    4767ms] Error: Could not load potsdamer_platz_1k.hdr: Failed to fetch
    at Object.onError (http://localhost:5173/node_modules/.vite/deps/chunk-YHJE3IXY.js?v=0976d616:17477:39)
    at http://localhost:5173/node_modules/.vite/deps/chunk-3RLE6T47.js?v=0976d616:23971:40
[    4766ms] [ERROR] The above error occurred in the <ForwardRef(Canvas)> component:

    at Canvas (http://localhost:5173/node_modules/.vite/deps/chunk-YHJE3IXY.js?v=0976d616:18236:3)
    at FiberProvider (http://localhost:5173/node_modules/.vite/deps/chunk-YHJE3IXY.js?v=0976d616:18170:21)
    at CanvasWrapper
    at div
    at CardScene (http://localhost:5173/src/components/three/CardScene.jsx:204:37)
    at Suspense
    at div
    at div
    at div
    at div
    at LandingPage (http://localhost:5173/src/pages/LandingPage.jsx:24:40)
    at RenderedRoute (http://localhost:5173/node_modules/.vite/deps/react-router-dom.js?v=0976d616:4112:5)
    at Routes (http://localhost:5173/node_modules/.vite/deps/react-router-dom.js?v=0976d616:4582:5)
    at Suspense
    at App
    at CardProvider (http://localhost:5173/src/context/CardContext.jsx:70:32)
    at AuthProvider (http://localhost:5173/src/context/AuthContext.jsx:21:32)
    at Router (http://localhost:5173/node_modules/.vite/deps/react-router-dom.js?v=0976d616:4525:15)
    at BrowserRouter (http://localhost:5173/node_modules/.vite/deps/react-router-dom.js?v=0976d616:5263:5)

Consider adding an error boundary to your tree to customize error handling behavior.
Visit https://reactjs.org/link/error-boundaries to learn more about error boundaries. @ http://localhost:5173/node_modules/.vite/deps/chunk-YHJE3IXY.js?v=0976d616:18166
[    4769ms] Error: Could not load potsdamer_platz_1k.hdr: Failed to fetch
    at Object.onError (http://localhost:5173/node_modules/.vite/deps/chunk-YHJE3IXY.js?v=0976d616:17477:39)
    at http://localhost:5173/node_modules/.vite/deps/chunk-3RLE6T47.js?v=0976d616:23971:40
[    5277ms] [LOG] THREE.WebGLRenderer: Context Lost. @ http://localhost:5173/node_modules/.vite/deps/chunk-3RLE6T47.js?v=0976d616:721
